2026-07-13 17:19:47.111  4497-4834  InstallShortcutReceiver net.oneplus.launcher                 D  MSG_FLUSH_QUEUE string = null
2026-07-13 17:19:47.111  4497-4497  RecentsView             net.oneplus.launcher                 D  onTaskRemoved taskId = 3516
2026-07-13 17:19:47.111  4497-4497  RecentsView             net.oneplus.launcher                 D  onTaskRemoved taskId = 3516
2026-07-13 17:19:47.111   871-871   Zygote                  pid-871                              D  Forked child process 23847
2026-07-13 17:19:47.114  4497-4497  WallpaperUtils          net.oneplus.launcher                 D  checkPeekWallpaperPermission# permission granted: false
2026-07-13 17:19:47.116  4497-4497  DecorView               net.oneplus.launcher                 D  onWindowFocusChangedFromViewRoot hasFocus: true, DecorView@2e69d56[Launcher]
2026-07-13 17:19:47.116  4497-4497  ViewRootImpl[Launcher]  net.oneplus.launcher                 D  windowFocusChanged hasFocus=true inTouchMode=true
2026-07-13 17:19:47.116  1634-1750  ActivityManager         system_server                        I  Start proc 23847:com.oneplus.dialer/u0a186 for qcomUXE
2026-07-13 17:19:47.118  4497-4497  Launcher                net.oneplus.launcher                 D  onWindowFocusChanged# hasFocus: true
2026-07-13 17:19:47.118  4497-4497  resumeflow              net.oneplus.launcher                 D  false
2026-07-13 17:19:47.118  4497-4497  DeviceHelper            net.oneplus.launcher                 D  isIndiaSkuSupports: this= 18801 , is SKU: false
2026-07-13 17:19:47.120  2644-2644  GoogleInpu...hodService com...gle.android.inputmethod.latin  I  GoogleInputMethodService.onFinishInput():2276 
2026-07-13 17:19:47.121  2644-22909 Module                  com...gle.android.inputmethod.latin  I  DeviceLockedStatusModuleProvider$Module.updateDeviceLockedStatusInternal():129 repeatCheckTimes = 0, locked = false
2026-07-13 17:19:47.121  2644-2644  GoogleInpu...hodService com...gle.android.inputmethod.latin  I  GoogleInputMethodService.onStartInput():1460 onStartInput(EditorInfo{EditorInfo{packageName=net.oneplus.launcher, inputType=0, inputTypeString=NULL, enableLearning=false, autoCorrection=false, autoComplete=false, imeOptions=0, privateImeOptions=null, actionName=UNSPECIFIED, actionLabel=null, initialSelStart=-1, initialSelEnd=-1, initialCapsMode=0, label=null, fieldId=-1, fieldName=null, extras=null, hintText=null, hintLocales=[]}}, false)
2026-07-13 17:19:47.121  2644-2644  LatinIMEBase            com...gle.android.inputmethod.latin  W  LatinIMEBase.updateInputViewCoverNavigation():322 Null input view, cannot update padding!
2026-07-13 17:19:47.122  2644-22911 Module                  com...gle.android.inputmethod.latin  I  DeviceLockedStatusModuleProvider$Module.updateDeviceLockedStatusInternal():129 repeatCheckTimes = 1, locked = false
2026-07-13 17:19:47.126 23847-23847 .oneplus.diale          pid-23847                            E  Unknown bits set in runtime_flags: 0x800000
2026-07-13 17:19:47.131 23847-23847 .oneplus.diale          pid-23847                            E  Not starting debugger since process cannot load the jdwp agent.
2026-07-13 17:19:47.152 23847-23847 ApplicationLoaders      pid-23847                            D  Returning zygote-cached class loader: /system/framework/android.test.base.jar
2026-07-13 17:19:47.161 23847-23847 .oneplus.diale          pid-23847                            I  The ClassLoaderContext is a special shared library.
2026-07-13 17:19:47.166 23847-23847 .oneplus.diale          pid-23847                            I  The ClassLoaderContext is a special shared library.
2026-07-13 17:19:47.193 23847-23847 Perf                    pid-23847                            I  Connecting to perf service.
2026-07-13 17:19:47.199 23847-23847 .oneplus.diale          pid-23847                            I  [GL_OOM] ClampGrowthLimit 268435456
2026-07-13 17:19:47.200 23847-23847 NetworkSecurityConfig   pid-23847                            D  No Network Security Config specified, using platform default
2026-07-13 17:19:47.200 23847-23847 NetworkSecurityConfig   pid-23847                            D  No Network Security Config specified, using platform default
2026-07-13 17:19:47.215  2398-2415  OPConfig:ConfigProvider com.oneplus.config                   V  Module:OnePlusFontConfig
2026-07-13 17:19:47.216 23847-23847 Config:Gra...FontConfig pid-23847                            E  Index 0 requested, with a size of 0
2026-07-13 17:19:47.217 23847-23847 OPInCallApp             pid-23847                            I  init
2026-07-13 17:19:47.226 23847-23847 Dialer                  pid-23847                            I  CountryCodeSuggestUtils - upgrade null
2026-07-13 17:19:47.228 23847-23847 Dialer                  pid-23847                            I  CallLogFramework.registerContentObservers - enter
2026-07-13 17:19:47.228 23847-23847 Dialer                  pid-23847                            I  CallLogFramework.registerContentObservers - not registering content observers
2026-07-13 17:19:47.234 23847-23847 Dialer                  pid-23847                            W  CountryDetector.registerForLocationUpdates - no location permissions, not registering for location updates
2026-07-13 17:19:47.235 23847-23847 CountryDetector         pid-23847                            D  getNetworkBasedCountryIso countryIso = vn
2026-07-13 17:19:47.236 23847-23847 Dialer                  pid-23847                            I  ContactPhotoManagerImpl.ContactPhotoManagerImpl - cache adj: 1.0
2026-07-13 17:19:47.236 23847-23847 OPDialerDataCache       pid-23847                            D  initDatas initDatas done
2026-07-13 17:19:47.236 23847-23847 OPDialerDataCache       pid-23847                            D  initDatas: mEndCallButtonShowWifiIcon = false
2026-07-13 17:19:47.237 23847-23847 OPDialerDataCache       pid-23847                            D  mHistoryDialBack init = false
2026-07-13 17:19:47.239 23847-23847 Dialer                  pid-23847                            I  OPInCallApp - bootComplete
2026-07-13 17:19:47.239 23847-23847 DLC                     pid-23847                            D  DLC lTMode == 1 nTMode == 1
2026-07-13 17:19:47.239 23847-23878 OPDialerDataCache       pid-23847                            D  initDatas thread done
2026-07-13 17:19:47.241  2398-2415  OPConfig:ConfigProvider com.oneplus.config                   V  Module:ROM_APP_OPDialer
2026-07-13 17:19:47.242 23847-23881 Config:Gra...P_OPDialer pid-23847                            E  Index 0 requested, with a size of 0
2026-07-13 17:19:47.242 23847-23881 DuoOneline              pid-23847                            D  load online config: null
2026-07-13 17:19:47.245 23847-23882 AccountTypeManager      pid-23847                            D  Registering external account type=com.google.android.apps.tachyon, packageName=com.google.android.apps.tachyon
2026-07-13 17:19:47.246 23847-23879 OPYuloreHelperImpl      pid-23847                            I  OPYuloreHelperImpl created
2026-07-13 17:19:47.248 23847-23879 OPYuloreHelperImpl      pid-23847                            D  custFlag: 0
2026-07-13 17:19:47.248 23847-23879 OPYuloreHelperImpl      pid-23847                            D  check package get packageInfo: packageName = com.recognize.number
2026-07-13 17:19:47.248 23847-23879 OPYuloreHelperImpl      pid-23847                            D  check package error.
2026-07-13 17:19:47.248 23847-23879 System.err              pid-23847                            W  android.content.pm.PackageManager$NameNotFoundException: com.recognize.number
2026-07-13 17:19:47.249 23847-23879 System.err              pid-23847                            W  	at android.app.ApplicationPackageManager.getApplicationInfoAsUser(ApplicationPackageManager.java:428)
2026-07-13 17:19:47.249 23847-23879 System.err              pid-23847                            W  	at android.app.ApplicationPackageManager.getApplicationInfo(ApplicationPackageManager.java:417)
2026-07-13 17:19:47.249 23847-23879 System.err              pid-23847                            W  	at com.oneplus.superyellowpage.OPYuloreHelperImpl.isApkInstalled(SourceFile:2)
2026-07-13 17:19:47.249 23847-23879 System.err              pid-23847                            W  	at com.oneplus.superyellowpage.OPYuloreHelperImpl.init(SourceFile:5)
2026-07-13 17:19:47.249 23847-23879 System.err              pid-23847                            W  	at com.oneplus.superyellowpage.OPYuloreUtil.init(SourceFile:10)
2026-07-13 17:19:47.249 23847-23879 System.err              pid-23847                            W  	at a.c.d.u0.b$a.run(SourceFile:12)
2026-07-13 17:19:47.249 23847-23879 System.err              pid-23847                            W  	at android.os.Handler.handleCallback(Handler.java:938)
2026-07-13 17:19:47.249 23847-23879 System.err              pid-23847                            W  	at android.os.Handler.dispatchMessage(Handler.java:99)
2026-07-13 17:19:47.249 23847-23879 System.err              pid-23847                            W  	at android.os.Looper.loop(Looper.java:233)
2026-07-13 17:19:47.249 23847-23879 System.err              pid-23847                            W  	at android.os.HandlerThread.run(HandlerThread.java:67)
2026-07-13 17:19:47.249 23847-23879 OPYuloreHelperImpl      pid-23847                            D  init
2026-07-13 17:19:47.250 23847-23879 DialerSettings          pid-23847                            D  key: oneplus.contacts.DISPLAY_ORDER value: 1
2026-07-13 17:19:47.250 23847-23879 DialerSettings          pid-23847                            D  key: oneplus.contacts.SORT_ORDER value: 1
2026-07-13 17:19:47.250 23847-23879 DialerSettings          pid-23847                            D  key: oneplus.contacts.HAS_PHONE_NUMBER value: 0
2026-07-13 17:19:47.252 23847-23879 OPContactL...rollerImpl pid-23847                            I  construct OPContactListFilterControllerImpl
2026-07-13 17:19:47.253 23847-23882 AccountTypeManager      pid-23847                            D  Registering 1 extension packages
2026-07-13 17:19:47.253 23847-23879 DialerFilter            pid-23847                            D  key: oneplus.contacts.filter.type value: -1
2026-07-13 17:19:47.253 23847-23879 DialerFilter            pid-23847                            D  restoreFromPreferences filterType = -1
2026-07-13 17:19:47.253 23847-23879 DialerFilter            pid-23847                            D  restoreFromPreferences return null
2026-07-13 17:19:47.253 23847-23879 DialerFilter            pid-23847                            D  restoreDefaultPreferences, filter = null
2026-07-13 17:19:47.253 23847-23879 DialerFilter            pid-23847                            D  restoreDefaultPreferences, filter is null and update filter as [filter type: -2 (FILTER_TYPE_ALL_ACCOUNTS), icon: null]
2026-07-13 17:19:47.253 23847-23879 OPContactL...rollerImpl pid-23847                            I  checkFilterValidity mFilter = all_accounts
2026-07-13 17:19:47.255 23847-23879 QC_NV_ITEMS             pid-23847                            V  QcNvItems instance created.
2026-07-13 17:19:47.256 23847-23879 QC_RIL_OEM_HOOK         pid-23847                            D  Starting QcrilMsgTunnel Service
2026-07-13 17:19:47.258 23847-23879 QC_RIL_OEM_HOOK         pid-23847                            D  Attempt to bind service returned with: true
2026-07-13 17:19:47.259 23847-23879 QC_RIL_OEM_HOOK         pid-23847                            D  Registering for intent ACTION_UNSOL_RESPONSE_OEM_HOOK_RAW
2026-07-13 17:19:47.267 23847-23882 ExternalAccountType     pid-23847                            E  Unsupported attribute readOnly
2026-07-13 17:19:47.270 23847-23882 AccountTypeManager      pid-23847                            D  Registering extension package account type=com.google, dataSet=plus, packageName=com.google.android.gms
2026-07-13 17:19:47.271 23847-23882 AccountTypeManager      pid-23847                            I  Loaded meta-data for 4 account types, 2 accounts in 28ms(wall) 24ms(cpu)
2026-07-13 17:19:47.297 23847-23847 OPEmptyPageView         pid-23847                            I  initView !!
2026-07-13 17:19:47.300 23847-23847 OPEmptyPageView         pid-23847                            I  initView !!
2026-07-13 17:19:47.302 23847-23847 OPDialerLayoutCache     pid-23847                            I  onCreate() - mOrientation: 1
2026-07-13 17:19:47.307 23847-23847 Dialer                  pid-23847                            I  RecorderUtils - don't hasRecorderRWPermission READ
2026-07-13 17:19:47.308 23847-23847 Dialer                  pid-23847                            I  RecorderFileManager - registerContentObserver mContentObserver: null
2026-07-13 17:19:47.308  1634-5817  Compatibil...geReporter system_server                        D  Compat change id reported: 135634846; UID 10090; state: DISABLED
2026-07-13 17:19:47.309  1634-1750  Compatibil...geReporter system_server                        D  Compat change id reported: 143937733; UID 10090; state: ENABLED
2026-07-13 17:19:47.309 23847-23847 QC_RIL_OEM_HOOK         pid-23847                            D  QcrilMsgTunnelService Connected Successfully (onServiceConnected)
2026-07-13 17:19:47.309 23847-23847 QC_RIL_OEM_HOOK         pid-23847                            D  Calling onQcRilHookReady callback
2026-07-13 17:19:47.309 23847-23847 QC_RIL_OEM_HOOK         pid-23847                            E  Notifying registrants: OnServiceConnect
2026-07-13 17:19:47.311 23652-23671 Intercepte...ogProvider android.process.acore                D  call oneplus InterceptedCallLogProvider provider,method:migrate_old_intercepted_calls_from_security,caller:com.oneplus.dialer, isSystemApp = true
2026-07-13 17:19:47.312 23652-23671 Intercepte...tionHelper android.process.acore                I  The migration has been completed before, skip this step
2026-07-13 17:19:47.315 23652-23671 Intercepte...ogProvider android.process.acore                I  delete Uri = content://com.oneplus.communication.interception.InterceptedCallLogProvider/intercepted_calls, match = 20
2026-07-13 17:19:47.316 23652-23671 InterceptionDBHelper    android.process.acore                I  constructor
2026-07-13 17:19:47.316 23652-23671 sqlite3_android         android.process.acore                E  [IKR-38846] ONEPLUS_NAME_PARTS_MATCH SQLITE_OK
2026-07-13 17:19:47.317 23652-23671 Intercepte...ogProvider android.process.acore                E  deleted failed!
2026-07-13 17:19:47.325   871-871   Zygote                  pid-871                              D  Forked child process 23886
2026-07-13 17:19:47.327  1634-1750  ActivityManager         system_server                        I  Start proc 23886:com.oneplus.communication.data/u0a90 for content provider {com.oneplus.communication.data/com.oneplus.communication.data.ScanProvider}
2026-07-13 17:19:47.331 23886-23886 munication.dat          pid-23886                            E  Unknown bits set in runtime_flags: 0x800000
2026-07-13 17:19:47.334 23886-23886 munication.dat          pid-23886                            E  Not starting debugger since process cannot load the jdwp agent.
2026-07-13 17:19:47.367 23886-23886 Perf                    pid-23886                            I  Connecting to perf service.
2026-07-13 17:19:47.372 23886-23886 munication.dat          pid-23886                            I  [GL_OOM] ClampGrowthLimit 268435456
2026-07-13 17:19:47.373 23886-23886 NetworkSecurityConfig   pid-23886                            D  No Network Security Config specified, using platform default
2026-07-13 17:19:47.373 23886-23886 NetworkSecurityConfig   pid-23886                            D  No Network Security Config specified, using platform default
2026-07-13 17:19:47.374 23886-23886 ScanProvider            pid-23886                            D  startScan sync = false
2026-07-13 17:19:47.375 23886-23908 ScanProvider            pid-23886                            D  start Scan
2026-07-13 17:19:47.379 23886-23908 sqlite3_android         pid-23886                            E  [IKR-38846] ONEPLUS_NAME_PARTS_MATCH SQLITE_OK
2026-07-13 17:19:47.382 23886-23908 ScanProvider            pid-23886                            D  end Scan
2026-07-13 17:19:47.383 23847-23847 Dialer                  pid-23847                            I  RecorderFileManager - recordFiles.size(): 0
2026-07-13 17:19:47.383 23847-23847 Dialer                  pid-23847                            I  RecorderFileManager - mOwnQueryTask.onQueryComplete 0
2026-07-13 17:19:47.383  2398-2415  OPConfig:ConfigProvider com.oneplus.config                   V  Module:OnePlusFontConfig
2026-07-13 17:19:47.384 23886-23886 Config:Gra...FontConfig pid-23886                            E  Index 0 requested, with a size of 0
2026-07-13 17:19:47.520  1634-1736  ActivityTaskManager     system_server                        W  Activity top resumed state loss timeout for ActivityRecord{3f21c54 u0 com.example.testapp/.MainActivity t-1 f}}
2026-07-13 17:19:47.566  1634-1736  OemSceneMo...ivityStack system_server                        D  [scene] handleEvaluateGameMode enabled: false
2026-07-13 17:19:47.567  1634-1634  SettingsProvider        system_server                        V  Notifying for 0: content://settings/system/rading_mode_status_auto
2026-07-13 17:19:47.567  2375-2605  OIMC                    com.oneplus.coreservice              I  notified , mode ColorReadMode changeTo 2
2026-07-13 17:19:47.567  2375-2421  OIMC_CORE               com.oneplus.coreservice              I  handleMessage:   MODE_EXIT, arg1: 0, arg2: 0, obj: com.oneplus.server.oimc.gwy@4cabcfa
2026-07-13 17:19:47.567  2375-2421  OIMC_CORE               com.oneplus.coreservice              I  The mode: ColorReadMode is not entered
2026-07-13 17:19:47.567  2375-2605  OIMC                    com.oneplus.coreservice              I  notified , mode ReadMode changeTo 2
2026-07-13 17:19:47.568  2375-2421  OIMC_CORE               com.oneplus.coreservice              I  handleMessage:   MODE_EXIT, arg1: 0, arg2: 0, obj: com.oneplus.server.oimc.gwy@342d2ab
2026-07-13 17:19:47.568  2375-2421  OIMC_CORE               com.oneplus.coreservice              I  The mode: ReadMode is not entered
2026-07-13 17:19:47.568  1634-1634  SettingsProvider        system_server                        V  Notifying for 0: content://settings/system/rading_mode_status_auto
2026-07-13 17:19:48.250 23652-23671 sqlite3_android         android.process.acore                E  [IKR-38846] ONEPLUS_NAME_PARTS_MATCH SQLITE_OK
2026-07-13 17:19:48.251  1634-5817  ActivityManager         system_server                        D  kill pid:21187 processName:com.google.android.googlequicksearchbox:search reason:empty #31
2026-07-13 17:19:48.251  1634-5817  ActivityManager         system_server                        I  Killing 21187:com.google.android.googlequicksearchbox:search/u0a134 (adj 999): empty #31
2026-07-13 17:19:48.290  1634-9143  ConnectivityService     system_server                        D  ConnectivityService NetworkRequestInfo binderDied(NetworkRequest [ TRACK_DEFAULT id=3901, [ Capabilities: INTERNET&NOT_RESTRICTED&TRUSTED Uid: 10134 AdministratorUids: [] RequestorUid: 10134 RequestorPackageName: com.google.android.googlequicksearchbox] ], android.os.BinderProxy@78bf7cc)
2026-07-13 17:19:48.290  1634-8329  ConnectivityService     system_server                        D  ConnectivityService NetworkRequestInfo binderDied(NetworkRequest [ TRACK_DEFAULT id=3900, [ Capabilities: INTERNET&NOT_RESTRICTED&TRUSTED Uid: 10134 AdministratorUids: [] RequestorUid: 10134 RequestorPackageName: com.google.android.googlequicksearchbox] ], android.os.BinderProxy@fe0da15)
2026-07-13 17:19:48.290  1634-9445  ConnectivityService     system_server                        D  ConnectivityService NetworkRequestInfo binderDied(NetworkRequest [ LISTEN id=3902, [ Capabilities: INTERNET&NOT_RESTRICTED&TRUSTED Uid: 10134 AdministratorUids: [] RequestorUid: 10134 RequestorPackageName: com.google.android.googlequicksearchbox] ], android.os.BinderProxy@66d712a)
2026-07-13 17:19:48.290  1634-2240  ConnectivityService     system_server                        D  releasing NetworkRequest [ TRACK_DEFAULT id=3901, [ Capabilities: INTERNET&NOT_RESTRICTED&TRUSTED Uid: 10134 AdministratorUids: [] RequestorUid: 10134 RequestorPackageName: com.google.android.googlequicksearchbox] ] (release request)
2026-07-13 17:19:48.291  1634-2277  ProcessStats            system_server                        W  setState index out of bounds. index: -1 length: 20
2026-07-13 17:19:48.291  1634-2240  ConnectivityService     system_server                        D  releasing NetworkRequest [ TRACK_DEFAULT id=3900, [ Capabilities: INTERNET&NOT_RESTRICTED&TRUSTED Uid: 10134 AdministratorUids: [] RequestorUid: 10134 RequestorPackageName: com.google.android.googlequicksearchbox] ] (release request)
2026-07-13 17:19:48.291  3107-3107  PhoneSwitc...stListener com.android.phone                    D  releaseNetworkFor NetworkRequest [ TRACK_DEFAULT id=3901, [ Capabilities: INTERNET&NOT_RESTRICTED&TRUSTED Uid: 10134 AdministratorUids: [] RequestorUid: 10134 RequestorPackageName: com.google.android.googlequicksearchbox] ]
2026-07-13 17:19:48.291  1634-2277  ProcessStats            system_server                        W  setState index out of bounds. index: -1 length: 20
2026-07-13 17:19:48.291   871-871   Zygote                  pid-871                              I  Process 21187 exited due to signal 9 (Killed)
2026-07-13 17:19:48.292  3107-3107  PhoneSwitc...stListener com.android.phone                    D  releaseNetworkFor NetworkRequest [ TRACK_DEFAULT id=3900, [ Capabilities: INTERNET&NOT_RESTRICTED&TRUSTED Uid: 10134 AdministratorUids: [] RequestorUid: 10134 RequestorPackageName: com.google.android.googlequicksearchbox] ]
