2026-07-14 10:02:25.025  6209-6542  chatty                  com.vkey.cloud.vkeyapp.sandbox       I  uid=11519(com.vkey.cloud.vkeyapp.sandbox) pool-13-thread- identical 2 lines
2026-07-14 10:02:25.032  6209-6542  sqlite3_android         com.vkey.cloud.vkeyapp.sandbox       E  [IKR-38846] ONEPLUS_NAME_PARTS_MATCH SQLITE_OK
2026-07-14 10:02:25.070  6209-6229  System                  com.vkey.cloud.vkeyapp.sandbox       W  A resource failed to call close. 
2026-07-14 10:02:25.071  6209-6229  System                  com.vkey.cloud.vkeyapp.sandbox       W  A resource failed to call close. 
2026-07-14 10:02:25.081  6209-6209  pool-34-thread-         com.vkey.cloud.vkeyapp.sandbox       W  type=1400 audit(0.0:125286): avc: denied { read } for name="cache" dev="dm-0" ino=16 scontext=u:r:untrusted_app:s0:c239,c261,c512,c768 tcontext=u:object_r:cache_file:s0 tclass=lnk_file permissive=0 app=com.vkey.cloud.vkeyapp.sandbox
2026-07-14 10:02:25.091  6661-6661  mount                   pid-6661                             W  type=1400 audit(0.0:125288): avc: denied { getattr } for path="/vendor/firmware_mnt" dev="sde32" ino=1 scontext=u:r:untrusted_app:s0:c239,c261,c512,c768 tcontext=u:object_r:firmware_file:s0 tclass=dir permissive=0 app=com.vkey.cloud.vkeyapp.sandbox
2026-07-14 10:02:25.116  4497-4497  StateManager            net.oneplus.launcher                 D  onAnimationEnd# set currentAnim to empty.
2026-07-14 10:02:25.116  4497-4497  BaseActivity            net.oneplus.launcher                 D  clearForceInvisibleFlag add flag = 2, currentFlag = 0
2026-07-14 10:02:25.116  4497-4497  BaseActivity            net.oneplus.launcher                 D  Showing call stack: 
                                                                                                        [BaseActivity] QuickstepAppTransitionManagerImpl.java, onAnimationEnd, line: 164
2026-07-14 10:02:25.130  1686-1844  QMI_FW                  qcrild                               E  qmi_cci_get_ref: ref count increased 2
2026-07-14 10:02:25.141  4497-4497  Launcher                net.oneplus.launcher                 D  onStop# hashcode: 263018263
2026-07-14 10:02:25.141  4497-4497  ShelfLauncherCallbacks  net.oneplus.launcher                 I  onStop
2026-07-14 10:02:25.141  4497-4497  LauncherAppWidgetHost   net.oneplus.launcher                 D  setListenIfResumed# listenIfResumed: false, flag: 5
2026-07-14 10:02:25.142  4497-4497  LauncherAppWidgetHost   net.oneplus.launcher                 D  stopListening# flag: 0
2026-07-14 10:02:25.142  4497-4497  Launcher                net.oneplus.launcher                 D  onTrimMemory# level: 20
2026-07-14 10:02:25.142  4497-4497  Launcher                net.oneplus.launcher                 D  onSaveInstanceState# hashcode: 263018263
2026-07-14 10:02:25.142  4497-4497  ShelfLauncherCallbacks  net.oneplus.launcher                 I  onSaveInstanceState
2026-07-14 10:02:25.143  4497-4497  Launcher                net.oneplus.launcher                 D  onTrimCachedBitmaps# state: ALL_APPS, trim: false
2026-07-14 10:02:25.147  6209-6656  Logger                  com.vkey.cloud.vkeyapp.sandbox       I  Reject log LOG_LEVEL_INFO. Filter at LOG_LEVEL_ERROR
2026-07-14 10:02:25.231  6209-6656  chatty                  com.vkey.cloud.vkeyapp.sandbox       I  uid=11519(com.vkey.cloud.vkeyapp.sandbox) pool-34-thread- identical 3 lines
2026-07-14 10:02:25.231  6209-6656  Logger                  com.vkey.cloud.vkeyapp.sandbox       I  Reject log LOG_LEVEL_INFO. Filter at LOG_LEVEL_ERROR
2026-07-14 10:02:25.232  6209-6643  Logger                  com.vkey.cloud.vkeyapp.sandbox       I  Reject log LOG_LEVEL_INFO. Filter at LOG_LEVEL_ERROR
2026-07-14 10:02:25.277  6209-6643  chatty                  com.vkey.cloud.vkeyapp.sandbox       I  uid=11519(com.vkey.cloud.vkeyapp.sandbox) pool-19-thread- identical 5 lines
2026-07-14 10:02:25.300  6209-6643  Logger                  com.vkey.cloud.vkeyapp.sandbox       I  Reject log LOG_LEVEL_INFO. Filter at LOG_LEVEL_ERROR
2026-07-14 10:02:25.318  6209-6642  Logger                  com.vkey.cloud.vkeyapp.sandbox       I  Reject log LOG_LEVEL_INFO. Filter at LOG_LEVEL_ERROR
2026-07-14 10:02:25.318  6209-6642  Logger                  com.vkey.cloud.vkeyapp.sandbox       I  Reject log LOG_LEVEL_INFO. Filter at LOG_LEVEL_ERROR
2026-07-14 10:02:26.008  6209-6636  Logger                  com.vkey.cloud.vkeyapp.sandbox       I  Reject log LOG_LEVEL_INFO. Filter at LOG_LEVEL_ERROR
2026-07-14 10:02:26.008  6209-6209  Logger                  com.vkey.cloud.vkeyapp.sandbox       I  Reject log LOG_LEVEL_INFO. Filter at LOG_LEVEL_ERROR
2026-07-14 10:02:26.008  6209-6542  sqlite3_android         com.vkey.cloud.vkeyapp.sandbox       E  [IKR-38846] ONEPLUS_NAME_PARTS_MATCH SQLITE_OK
2026-07-14 10:02:26.015  6209-6542  sqlite3_android         com.vkey.cloud.vkeyapp.sandbox       E  [IKR-38846] ONEPLUS_NAME_PARTS_MATCH SQLITE_OK
2026-07-14 10:02:26.110  6209-6209  Logger                  com.vkey.cloud.vkeyapp.sandbox       I  Reject log LOG_LEVEL_INFO. Filter at LOG_LEVEL_ERROR
2026-07-14 10:02:26.110  6209-6209  chatty                  com.vkey.cloud.vkeyapp.sandbox       I  uid=11519(com.vkey.cloud.vkeyapp.sandbox) identical 2 lines
2026-07-14 10:02:26.110  6209-6209  Logger                  com.vkey.cloud.vkeyapp.sandbox       I  Reject log LOG_LEVEL_INFO. Filter at LOG_LEVEL_ERROR
2026-07-14 10:02:26.110  6209-6542  sqlite3_android         com.vkey.cloud.vkeyapp.sandbox       E  [IKR-38846] ONEPLUS_NAME_PARTS_MATCH SQLITE_OK
2026-07-14 10:02:26.113  1634-7709  ActivityTaskManager     system_server                        I  START u0 {flg=0x10000000 cmp=com.vkey.cloud.vkeyapp.sandbox/com.vkey.android.vguard.VGFullScreenDialogActivity (has extras)} from uid 11519 pid 6209
2026-07-14 10:02:26.116  1634-7709  ActivityTrigger         system_server                        D  ActivityTrigger activityPauseTrigger 
2026-07-14 10:02:26.118  6209-6542  sqlite3_android         com.vkey.cloud.vkeyapp.sandbox       E  [IKR-38846] ONEPLUS_NAME_PARTS_MATCH SQLITE_OK
2026-07-14 10:02:26.122  1634-1754  ExtBatteryStatsService  system_server                        D  ext-flush too soon, skip
2026-07-14 10:02:26.122  1634-1754  MyBatteryStatsHelper    system_server                        D  ===processSingleAppUsage===
2026-07-14 10:02:26.123 19743-28548 FontLog                 com.google.android.gms.persistent    I  (REDACTED) Received query %s, URI %s
2026-07-14 10:02:26.123 19743-28548 FontLog                 com.google.android.gms.persistent    I  (REDACTED) Query [%s] resolved to %s
2026-07-14 10:02:26.124 19743-28548 FontLog                 com.google.android.gms.persistent    I  (REDACTED) Fetch %s end status %s
2026-07-14 10:02:26.124 19743-6390  sqlite3_android         com.google.android.gms.persistent    E  [IKR-38846] ONEPLUS_NAME_PARTS_MATCH SQLITE_OK
2026-07-14 10:02:26.126  1094-1158  surfaceflinger          surfaceflinger                       E  [frame_perf] perfboost open boost file failed
2026-07-14 10:02:26.127  6209-6542  sqlite3_android         com.vkey.cloud.vkeyapp.sandbox       E  [IKR-38846] ONEPLUS_NAME_PARTS_MATCH SQLITE_OK
2026-07-14 10:02:26.128 19743-28548 FontLog                 com.google.android.gms.persistent    I  (REDACTED) Pulling font file for id = %d, cache size = %d
2026-07-14 10:02:26.131 19743-28548 FontLog                 com.google.android.gms.persistent    I  (REDACTED) Pulling font file for id = %d, cache size = %d
2026-07-14 10:02:26.132  6209-6209  Logger                  com.vkey.cloud.vkeyapp.sandbox       I  Reject log LOG_LEVEL_INFO. Filter at LOG_LEVEL_ERROR
2026-07-14 10:02:26.134  1634-1736  OpPowerCon...tsInjector system_server                        D  notifyPkgEvent
2026-07-14 10:02:26.134  6209-6542  sqlite3_android         com.vkey.cloud.vkeyapp.sandbox       E  [IKR-38846] ONEPLUS_NAME_PARTS_MATCH SQLITE_OK
2026-07-14 10:02:26.135  1634-1736  OpRestartProcessManager system_server                        D  updateSelf :  com.vkey.cloud.vkeyapp.sandbox, size : 30
2026-07-14 10:02:26.135  1634-7709  ActivityTaskManager     system_server                        I  The Process com.vkey.cloud.vkeyapp.sandbox Already Exists in BG. So sending its PID: 6209
2026-07-14 10:02:26.135  1634-7709  ActivityTaskManager     system_server                        W  Tried to set launchTime (0) < mLastActivityLaunchTime (166757160)
2026-07-14 10:02:26.137  1634-7709  OpQuickReply            system_server                        D  setQuickReplyResumed focusedApp ActivityRecord{d9cdbf4 u0 com.vkey.cloud.vkeyapp.sandbox/com.vkey.android.vguard.VGFullScreenDialogActivity t3525} pkgName com.vkey.cloud.vkeyapp.sandbox
2026-07-14 10:02:26.140  1634-1736  OpRestartProcessManager system_server                        D  Duration is too short, ignore : 0 in com.vkey.cloud.vkeyapp.sandbox
2026-07-14 10:02:26.140  1634-1736  OpPowerCon...tsInjector system_server                        D  notifyPkgEvent
2026-07-14 10:02:26.140  6209-6542  sqlite3_android         com.vkey.cloud.vkeyapp.sandbox       E  [IKR-38846] ONEPLUS_NAME_PARTS_MATCH SQLITE_OK
2026-07-14 10:02:26.142  1094-16964 surfaceflinger          surfaceflinger                       E  [frame_perf] perfboost open boost file failed
2026-07-14 10:02:26.150  1094-5750  surfaceflinger          surfaceflinger                       E  [frame_perf] perfboost open boost file failed
2026-07-14 10:02:26.156  1094-1157  surfaceflinger          surfaceflinger                       E  [frame_perf] perfboost open boost file failed
2026-07-14 10:02:26.173  1094-16964 surfaceflinger          surfaceflinger                       E  [frame_perf] perfboost open boost file failed
2026-07-14 10:02:26.195  6209-6209  ViewRootImpl            com.vkey.cloud.vkeyapp.sandbox       D  support adaptive color gamut feature!
2026-07-14 10:02:26.199  6209-6209  ViewRootIm...nActivity] com.vkey.cloud.vkeyapp.sandbox       D  windowFocusChanged hasFocus=false inTouchMode=true
2026-07-14 10:02:26.202  1094-1157  surfaceflinger          surfaceflinger                       E  [frame_perf] perfboost open boost file failed
2026-07-14 10:02:26.219  1094-16964 surfaceflinger          surfaceflinger                       E  [frame_perf] perfboost open boost file failed
2026-07-14 10:02:26.232  6209-6209  vkeyapp.sandbo          com.vkey.cloud.vkeyapp.sandbox       E  Invalid ID 0x00000003.
2026-07-14 10:02:26.239  1094-1158  surfaceflinger          surfaceflinger                       E  [frame_perf] AutoTurboBoostQuery fd<0 failed, errno=Inappropriate ioctl for device
2026-07-14 10:02:26.239  1094-1158  surfaceflinger          surfaceflinger                       E  [frame_perf] AutoBoostConfigQuery fd<0 failed, errno=No such file or directory
2026-07-14 10:02:26.242  1094-1369  surfaceflinger          surfaceflinger                       E  [frame_perf] perfboost open boost file failed
2026-07-14 10:02:26.247  1634-1866  ===> HoustonPackage     system_server                        I  addLaunchTimeInfo: for com.vkey.cloud.vkeyapp.sandbox/com.vkey.android.vguard.VGFullScreenDialogActivity isCold:false launchTime:133
2026-07-14 10:02:26.247  1634-1866  322                     system_server                        I  com.vkey.cloud.vkeyapp.sandbox#-1#133
2026-07-14 10:02:26.247  1634-1754  ActivityTaskManager     system_server                        I  Displayed com.vkey.cloud.vkeyapp.sandbox/com.vkey.android.vguard.VGFullScreenDialogActivity: +133ms
2026-07-14 10:02:26.252  6209-6209  DecorView               com.vkey.cloud.vkeyapp.sandbox       D  onWindowFocusChangedFromViewRoot hasFocus: true, DecorView@148b9ed[VGFullScreenDialogActivity]
2026-07-14 10:02:26.253  6209-6209  ViewRootIm...gActivity] com.vkey.cloud.vkeyapp.sandbox       D  windowFocusChanged hasFocus=true inTouchMode=true
2026-07-14 10:02:26.256  2644-2644  GoogleInpu...hodService com...gle.android.inputmethod.latin  I  GoogleInputMethodService.onFinishInput():2276 
2026-07-14 10:02:26.257  2644-678   Module                  com...gle.android.inputmethod.latin  I  DeviceLockedStatusModuleProvider$Module.updateDeviceLockedStatusInternal():129 repeatCheckTimes = 0, locked = false
2026-07-14 10:02:26.257  2644-2644  GoogleInpu...hodService com...gle.android.inputmethod.latin  I  GoogleInputMethodService.onStartInput():1460 onStartInput(EditorInfo{EditorInfo{packageName=com.vkey.cloud.vkeyapp.sandbox, inputType=0, inputTypeString=NULL, enableLearning=false, autoCorrection=false, autoComplete=false, imeOptions=0, privateImeOptions=null, actionName=UNSPECIFIED, actionLabel=null, initialSelStart=-1, initialSelEnd=-1, initialCapsMode=0, label=null, fieldId=-1, fieldName=null, extras=null, hintText=null, hintLocales=[]}}, false)
2026-07-14 10:02:26.257  2644-2644  LatinIMEBase            com...gle.android.inputmethod.latin  I  LatinIMEBase.updateInputViewCoverNavigation():317 Update input view padding, isNavbarOverInputWindow=false, bottom inset=126
2026-07-14 10:02:26.258  2644-6136  Module                  com...gle.android.inputmethod.latin  I  DeviceLockedStatusModuleProvider$Module.updateDeviceLockedStatusInternal():129 repeatCheckTimes = 1, locked = false
2026-07-14 10:02:26.286  1094-6679  surfaceflinger          surfaceflinger                       E  [frame_perf] perfboost open boost file failed
2026-07-14 10:02:26.287  1094-16964 surfaceflinger          surfaceflinger                       E  [frame_perf] perfboost open boost file failed
2026-07-14 10:02:26.305  6209-6559  LogManager              com.vkey.cloud.vkeyapp.sandbox       I  Netcom Get() output {"mode":"basic","log_level":"INFO"}dddddddddddddddddddddddddddddddddddddddddddddddddddddddddddddddddddddddddddddddddddddddddddddddddddddddddddddddddddddddddddddddddddddddddddddddddddddddddddddddddddddddddddddddddddddddddddddddddddddddddddddddddddddddddddddddddddddddddddddddddddddddddddddddddddddddddddddddddddddddddddddddddddddddddddddddddddddddddddddddddddddddddddddddddddddddddddddddddddddddddddddddddddddddddddddddddddddddddddddddddddddddddddddddddddddddddddddddddddddddddddddddddddddddddddddddddddddddddddddddddddddddddddddddddddddddddddddddddddddddddddddddddddddddddddddddddddddddddddddddddddddddddddddddddddddddddddddddddddddddddddddddddddddddddddddddddddddddddddddddddddddddddddddddddddddddddddddddddddddddddddddddddddddddddddddddddddddddddddddddddddddddddddddddddddddddddddddddddddddddddddddddddddddddddddddddddddddddddddddddddddddddddddddddddddddddddddddddddddddddddddddddddddddddddddddddddddddddddddddddddddddddddddddddddddddddddddddddddddddddddddddddddddddddddddddddddddddddddddddddddddddddd
2026-07-14 10:02:26.305  6209-6559  LogManager              com.vkey.cloud.vkeyapp.sandbox       I  Switch from LOG_LEVEL_ERROR to LOG_LEVEL_INFO
2026-07-14 10:02:26.305  6209-6559  Logger                  com.vkey.cloud.vkeyapp.sandbox       I  Log level switch to LOG_LEVEL_INFO
2026-07-14 10:02:26.460  4497-6498  FA                      net.oneplus.launcher                 I  Application backgrounded at: timestamp_millis: 1783998144460
2026-07-14 10:02:26.679  6209-6559  LogManager              com.vkey.cloud.vkeyapp.sandbox       I  Netcom Post() runsync upload vslog-2026-07-14T02-59-37+0000.log
2026-07-14 10:02:27.075  6209-6559  LogManager              com.vkey.cloud.vkeyapp.sandbox       I  Netcom Post() force sync upload vslog-2026-07-14T03-02-24+0000.log
2026-07-14 10:02:27.202  1634-1757  BatteryStatsImpl        system_server                        I  set timeToFullsIndexMax = 3
2026-07-14 10:02:27.211  1634-1754  AlarmManager            system_server                        W  Unrecognized alarm listener com.android.server.OpPowerControllerService$tsu@29945c4
2026-07-14 10:02:27.216  3022-3022  QtiCarrierConfigHelper  org.codeaurora.ims                   D  WARNING, no carrier configs on phone Id: 0
2026-07-14 10:02:27.218  2448-2448  KeyguardUpdateMonitor   com.android.systemui                 D  received broadcast android.intent.action.BATTERY_CHANGED
2026-07-14 10:02:27.218  2448-2448  OpUtils                 com.android.systemui                 I  isSupportWarpCharging:false
2026-07-14 10:02:27.218  2448-2448  KeyguardUpdateMonitor   com.android.systemui                 D  pdCharge false, chargingstatus 0, fastcharge:0
2026-07-14 10:02:27.218  2448-2448  OpUtils                 com.android.systemui                 I  isSupportWarpCharging:false
2026-07-14 10:02:27.218  2448-2448  OpSWarpChargingView     com.android.systemui                 D  level is same as latest one [85]
2026-07-14 10:02:27.255  3069-3069  DeviceStatisticsService com...m.qti.devicestatisticsservice  D  chargerType=2 batteryLevel=85 totalBatteryCapacity=2787500
2026-07-14 10:02:27.361 19743-19743 ThreadPoolForeg         com.google.android.gms.persistent    W  type=1400 audit(0.0:125403): avc: denied { write } for name="traced_producer" dev="tmpfs" ino=30309 scontext=u:r:gmscore_app:s0:c512,c768 tcontext=u:object_r:traced_producer_socket:s0 tclass=sock_file permissive=0 app=com.google.android.gms
2026-07-14 10:02:27.811  1094-1158  surfaceflinger          surfaceflinger                       E  [frame_perf] perfboost open boost file failed
2026-07-14 10:02:27.875  1094-6679  surfaceflinger          surfaceflinger                       E  [frame_perf] perfboost open boost file failed
2026-07-14 10:02:27.876  1094-1158  surfaceflinger          surfaceflinger                       E  [frame_perf] perfboost open boost file failed
2026-07-14 10:02:27.975  1094-6679  surfaceflinger          surfaceflinger                       E  [frame_perf] perfboost open boost file failed
2026-07-14 10:02:27.976  1094-1157  surfaceflinger          surfaceflinger                       E  [frame_perf] perfboost open boost file failed
2026-07-14 10:02:28.092  1094-6679  surfaceflinger          surfaceflinger                       E  [frame_perf] perfboost open boost file failed
2026-07-14 10:02:28.216  2448-2448  NavigationHandle        com.android.systemui                 D  triggerChangeColorAnimation
2026-07-14 10:02:28.216  2448-2448  NavigationHandle        com.android.systemui                 D  current color is match top app. no need to change color
